
[1m[46m RUN [49m[22m [36mv4.0.10 [39m[90mC:/dev/AI_Interview_Prep_Coach_Standalone[39m

node.exe : [90mstderr[2m | 
src/services/geminiService.test.ts[2m 
> [22m[2mgeminiService[2m > 
[22m[2mgenerateBlueprint[2m > 
[22m[2mshould return null on error
At C:\Program Files\nodejs\npx.ps1:29 
char:3
+   & $NODE_EXE $NPX_CLI_JS $args
+   ~~~~~~~~~~~~~~~~~~~~~~~~~~~~~
    + CategoryInfo          : NotSpeci 
   fied: ([90mstderr[2m...n null on  
   error:String) [], RemoteException
    + FullyQualifiedErrorId : NativeCo 
   mmandError
 
[22m[39mBlueprint generation failed: 
500

[90mstderr[2m | 
src/services/geminiService.test.ts[2m 
> [22m[2mgeminiService[2m > 
[22m[2mgenerateQuestions[2m > 
[22m[2mshould fallback gracefully on 
error
[22m[39mError generating questions: 
Error: Network error
    at C:/dev/AI_Interview_Prep_Coach_S
tandalone/src/services/geminiService.te
st.ts:135:39
    at [90mfile:///C:/dev/AI_Interview
_Prep_Coach_Standalone/[39mnode_module
s/[4m@vitest[24m/runner/dist/index.js
:157:11
    at [90mfile:///C:/dev/AI_Interview
_Prep_Coach_Standalone/[39mnode_module
s/[4m@vitest[24m/runner/dist/index.js
:753:26
    at [90mfile:///C:/dev/AI_Interview
_Prep_Coach_Standalone/[39mnode_module
s/[4m@vitest[24m/runner/dist/index.js
:1636:20
    at new Promise (<anonymous>)
    at runWithTimeout [90m(file:///C:/
dev/AI_Interview_Prep_Coach_Standalone/
[39mnode_modules/[4m@vitest[24m/runn
er/dist/index.js:1602:10[90m)[39m
    at runTest [90m(file:///C:/dev/AI_
Interview_Prep_Coach_Standalone/[39mno
de_modules/[4m@vitest[24m/runner/dist
/index.js:1309:12[90m)[39m
    at runSuite [90m(file:///C:/dev/AI
_Interview_Prep_Coach_Standalone/[39mn
ode_modules/[4m@vitest[24m/runner/dis
t/index.js:1468:8[90m)[39m
    at runSuite [90m(file:///C:/dev/AI
_Interview_Prep_Coach_Standalone/[39mn
ode_modules/[4m@vitest[24m/runner/dis
t/index.js:1468:8[90m)[39m
    at runSuite [90m(file:///C:/dev/AI
_Interview_Prep_Coach_Standalone/[39mn
ode_modules/[4m@vitest[24m/runner/dis
t/index.js:1468:8[90m)[39m

[90mstdout[2m | src/services/geminiService.test.ts[2m > [22m[2mgeminiService[2m > [22m[2mgenerateSpeech[2m > [22m[2mshould call /api/tts
[22m[39m[TTS] Mock Mode Active: Returning silent audio.

 [31mΓ¥»[39m src/services/geminiService.test.ts [2m([22m[2m8 tests[22m[2m | [22m[31m1 failed[39m[2m)[22m[32m 48[2mms[22m[39m
       [32mΓ£ô[39m should convert blob to base64 string[32m 31[2mms[22m[39m
       [32mΓ£ô[39m should call /api/generate-blueprint and return data[32m 2[2mms[22m[39m
       [32mΓ£ô[39m should return null on error[32m 1[2mms[22m[39m
       [32mΓ£ô[39m should call /api/generate-question-plan[32m 0[2mms[22m[39m
       [32mΓ£ô[39m should call /api/generate-questions with plan and blueprint[32m 1[2mms[22m[39m
       [32mΓ£ô[39m should fallback gracefully on error[32m 4[2mms[22m[39m
       [32mΓ£ô[39m should call /api/analyze-answer with blueprint and questionId[32m 1[2mms[22m[39m
[31m       [31m├ù[31m should call /api/tts[39m[32m 6[2mms[22m[39m

[31mΓÄ»ΓÄ»ΓÄ»ΓÄ»ΓÄ»ΓÄ»ΓÄ»[39m[1m[41
m Failed Tests 1 [49m[22m[31mΓÄ»ΓÄ»Γ
Ä»ΓÄ»ΓÄ»ΓÄ»ΓÄ»[39m

[41m[1m FAIL [22m[49m 
src/services/geminiService.test.ts[2m 
> [22mgeminiService[2m > 
[22mgenerateSpeech[2m > [22mshould 
call /api/tts
[31m[1mAssertionError[22m: expected 
'data:audio/mp3;base64,SUQzBAAAAAAAI1RΓ
Çª' to be 'blob:test' // Object.is 
equality[39m

Expected: [32m"blob:test"[39m
Received: [31m"data:audio/mp3;base64,S
UQzBAAAAAAAI1RTU0UAAAAPAAADTGF2ZjU4Ljc2
LjEwMAAAAAAAAAAAAAAA//OEAAAAAAAAAAAAAAA
AAAAAAAAASW5mbwAAAA8AAAAEAAABIADAwMDAwM
DAwMDAwMDAwMDAwMDAwMDAwMD//////////////
///////////////////////////////////////
/////////////wAAAP//OEAAAAAAAAAAAAAAAAA
AAAAAAGGluZwAAAA8AAAAEAAABIAAAzMzMzMzMz
MzMzMzMzMzMzMzMzMzMzMzMzMzMzMzMzMzMzMzM
zMzMzMzMzMzMzMzMzMz////////////////////
///////////////////////////////////////
///////wAAAP//OEAAAAAAAAAAAAAAAAAAAAAAT
EFNRTMuMTAwqqqqqqqqqqqqqqqqqqqqqqqqqqqq
qqqqqqqqqqqqqqqqqqqqqqqqqqqqqqqqqqqqqqq
qqqqqqqqqqqqqqqqqqqqqqqqqqqqqqq//OEAAAB
AAAA0gAAABRaaaaaaaaAAIgAAADSAAAAFE0AAAA
AAAD78wAAAQD78wAAAQAAAP////////////////
///////////////////////////////////////
///////////////////////////////////////
///////////////////////////////////////
///////////////////////////////////////
///////////////////////////////////////
///////////////////////////////////////
///////////////////////////////////////
///////////////////////////////////////
///////////////////////////////////////
///////////////////////////////////////
///////////////////////////////////////
///////////////////////////////////////
//////////////////////////////OEAAAAAAA
ANIAAAAUWAAAAAAAACIAAAA0gAAABRgAAAAAAAB
AAAABwAAAAcAAAAHAAAABwAAAAcAAAAHAAAABwA
AAAcAAAAHAAAABwAAAAcAAAAHAAAABwAAAAcAAA
AHAAAABwAAAAcAAAAHAAAABwAAAAcAAAAHAAAAB
wAAAAcAAAAHAAAABwAAAAcAAAAHAAAABwAAAAcA
AAAHAAAABwAAAAcAAAAHAAAABwAAAAcAAAAHAAA
ABwAAAAcAAAAHAAAABwAAAAcAAAAHAAAABwAAAA
cAAAAHAAAAB//OEAAAAAAAANIAAAAUWAAAAAAAA
CIAAAA0gAAABRhAAAAAAABAAAABwAAAAcAAAAHA
AAABwAAAAcAAAAHAAAABwAAAAcAAAAHAAAABwAA
AAcAAAAHAAAABwAAAAcAAAAHAAAABwAAAAcAAAA
HAAAABwAAAAcAAAAHAAAABwAAAAcAAAAHAAAABw
AAAAcAAAAHAAAABwAAAAcAAAAHAAAABwAAAAcAA
AAHAAAABwAAAAcAAAAHAAAABwAAAAcAAAAHAAAA
BwAAAAcAAAAHAAAABwAAAAcAAAAHAAAAB"[39m

[36m [2mΓ¥»[22m src/services/geminiS
ervice.test.ts:[2m179:22[22m[39m
    [90m177| [39m
    [90m178| [39m      
[35mconst[39m result [33m=[39m 
[35mawait[39m [34mgenerateSpeech[39
m([32m'Hello'[39m)[33m;[39m
    [90m179| [39m      [34mexpect[3
9m(result)[33m.[39m[34mtoBe[39m(moc
kUrl)[33m;[39m
    [90m   | [39m                    
 [31m^[39m
    [90m180| [39m      expect(fetchMo
ck).toHaveBeenCalledWith('/api/tts', 
expect.anythiΓÇª
    [90m181| [39m    })[33m;[39m

[31m[2mΓÄ»ΓÄ»ΓÄ»ΓÄ»ΓÄ»ΓÄ»ΓÄ»ΓÄ»ΓÄ»ΓÄ»
ΓÄ»ΓÄ»ΓÄ»ΓÄ»ΓÄ»ΓÄ»ΓÄ»ΓÄ»ΓÄ»ΓÄ»ΓÄ»ΓÄ»ΓÄ»
ΓÄ»[1/1]ΓÄ»[22m[39m


[2m Test Files [22m [1m[31m1 failed[39m[22m[90m (1)[39m
[2m      Tests [22m [1m[31m1 failed[39m[22m[2m | [22m[1m[32m7 passed[39m[22m[90m (8)[39m
[2m   Start at [22m 07:07:21
[2m   Duration [22m 947ms[2m (transform 97ms, setup 214ms, collect 75ms, tests 48ms, environment 361ms, prepare 11ms)[22m

